 python main.py
Importing plotly failed. Interactive plots will not work.
/home/glandais/code/perso/hrmodel/src/models/deepar_model.py:17: UserWarning: PyTorch not available. Install with: pip install torch
  warnings.warn("PyTorch not available. Install with: pip install torch")
2025-08-12 01:42:25.143549: E external/local_xla/xla/stream_executor/cuda/cuda_fft.cc:467] Unable to register cuFFT factory: Attempting to register factory for plugin cuFFT when one has already been registered
WARNING: All log messages before absl::InitializeLog() is called are written to STDERR
E0000 00:00:1754955745.173520 2936496 cuda_dnn.cc:8579] Unable to register cuDNN factory: Attempting to register factory for plugin cuDNN when one has already been registered
E0000 00:00:1754955745.184244 2936496 cuda_blas.cc:1407] Unable to register cuBLAS factory: Attempting to register factory for plugin cuBLAS when one has already been registered
W0000 00:00:1754955745.249331 2936496 computation_placer.cc:177] computation placer already registered. Please check linkage and avoid linking the same target more than once.
W0000 00:00:1754955745.249360 2936496 computation_placer.cc:177] computation placer already registered. Please check linkage and avoid linking the same target more than once.
W0000 00:00:1754955745.249363 2936496 computation_placer.cc:177] computation placer already registered. Please check linkage and avoid linking the same target more than once.
W0000 00:00:1754955745.249367 2936496 computation_placer.cc:177] computation placer already registered. Please check linkage and avoid linking the same target more than once.
2025-08-12 01:42:25.267282: I tensorflow/core/platform/cpu_feature_guard.cc:210] This TensorFlow binary is optimized to use available CPU instructions in performance-critical operations.
To enable the following instructions: AVX2 FMA, in other operations, rebuild TensorFlow with the appropriate compiler flags.
2025-08-12 01:42:27,174 - __main__ - INFO - Pipeline initialized
2025-08-12 01:42:27,174 - __main__ - INFO - Starting HR Model Pipeline
2025-08-12 01:42:27,174 - __main__ - INFO - Loading GPX data...
Parsed hr6: 4957 points
Parsed hr1: 20801 points
Parsed hr2: 24556 points
Parsed hr5: 5092 points
Parsed hr4: 7647 points
Parsed hr3: 4507 points
Parsed hr7: 5167 points
2025-08-12 01:42:32,999 - __main__ - INFO - Loaded 7 files with 72,727 total points
2025-08-12 01:42:32,999 - __main__ - INFO - Engineering features...
2025-08-12 01:42:33,094 - __main__ - INFO - Processed hr6: 4957 points, 107 features
2025-08-12 01:42:33,270 - __main__ - INFO - Processed hr1: 20801 points, 107 features
2025-08-12 01:42:33,473 - __main__ - INFO - Processed hr2: 24556 points, 107 features
2025-08-12 01:42:33,561 - __main__ - INFO - Processed hr5: 5092 points, 107 features
2025-08-12 01:42:33,641 - __main__ - INFO - Processed hr4: 7647 points, 107 features
2025-08-12 01:42:33,711 - __main__ - INFO - Processed hr3: 4507 points, 107 features
2025-08-12 01:42:33,785 - __main__ - INFO - Processed hr7: 5167 points, 107 features
2025-08-12 01:42:33,785 - __main__ - INFO - Preparing training data...
2025-08-12 01:42:33,858 - __main__ - INFO - Features selected (no HR leakage): ['cad', 'power', 'ele', 'cad5', 'cad10', 'cad30', 'cad60', 'power5', 'power10', 'power30', 'power60', 'power_lag_1', 'power_lag_5', 'power_lag_10', 'power_lag_15', 'power_lag_30', 'cad_lag_1', 'cad_lag_5', 'cad_lag_10', 'cad_lag_15', 'cad_lag_30']
2025-08-12 01:42:33,879 - __main__ - INFO - Training data prepared: 72727 samples, 21 features
2025-08-12 01:42:33,880 - __main__ - INFO - Training models...
2025-08-12 01:42:33,880 - __main__ - INFO - Training OLS model...
OLS model trained on 72727 samples with 21 features
Training R²: 0.7456, MAE: 4.95
Model saved to output/ols/ols_model.joblib
2025-08-12 01:42:33,954 - __main__ - INFO - Training MLP model...
2025-08-12 01:42:33,955 - __main__ - INFO - Starting MLP hyperparameter tuning with 20 trials...
🔧 Starting MLP hyperparameter tuning with 20 trials...
🎯 Target: < 1.17 bpm MAE (beat Random Forest)
📊 Training data: 72727 samples, 21 features
[I 2025-08-12 01:42:33,968] A new study created in memory with name: mlp_hr_prediction
🚀 Starting hyperparameter search...
  0%|                                                                                                                                                                                                                                                                                                                                                                                                      | 0/20 [00:00<?, ?it/s]I0000 00:00:1754955754.304338 2936496 gpu_device.cc:2019] Created device /job:localhost/replica:0/task:0/device:GPU:0 with 2498 MB memory:  -> device: 0, name: NVIDIA GeForce GTX 1650 Ti, pci bus id: 0000:01:00.0, compute capability: 7.5
WARNING: All log messages before absl::InitializeLog() is called are written to STDERR
I0000 00:00:1754955756.116703 2936725 service.cc:152] XLA service 0x707bac00a390 initialized for platform CUDA (this does not guarantee that XLA will be used). Devices:
I0000 00:00:1754955756.116872 2936725 service.cc:160]   StreamExecutor device (0): NVIDIA GeForce GTX 1650 Ti, Compute Capability 7.5
2025-08-12 01:42:36.165397: I tensorflow/compiler/mlir/tensorflow/utils/dump_mlir_util.cc:269] disabling MLIR crash reproducer, set env var `MLIR_CRASH_REPRODUCER_DIRECTORY` to enable.
I0000 00:00:1754955756.361172 2936725 cuda_dnn.cc:529] Loaded cuDNN version 90300
I0000 00:00:1754955757.838572 2936725 device_compiler.h:188] Compiled cluster using XLA!  This line is logged at most once for the lifetime of the process.
[I 2025-08-12 01:56:22,302] Trial 0 finished with value: 4.641135957210454 and parameters: {'n_layers': 2, 'layer_0_size': 16, 'layer_1_size': 32, 'learning_rate': 0.008123245085588688, 'batch_size': 64, 'dropout': 0.15212112147976886, 'l2_reg': 0.0001256104370001356, 'max_epochs': 115, 'patience': 16}. Best is trial 0 with value: 4.641135957210454.
Best trial: 0. Best value: 4.64114:   5%|█████████████████▏                                                                                                                                                                                                                                                                                                                                                                                                                                                                                                                                                                                                                                                                                             [I 2025-08-12 02:17:36,389] Trial 1 finished with value: 4.990717615334352 and parameters: {'n_layers': 3, 'layer_0_size': 256, 'layer_1_size': 256, 'layer_2_size': 128, 'learning_rate': 8.200518402245828e-05, 'batch_size': 128, 'dropout': 0.2475884550556351, 'l2_reg': 1.3726318898045876e-06, 'max_epochs': 187, 'patience': 15}. Best is trial 0 with value: 4.641135957210454.
Best trial: 0. Best value: 4.64114:   5%|█████████████████▏                                                                                                                                                                                                                                                                                                                 Best trial: 0. Best value: 4.64114:   5%|█████████████████▏                                                                                                                                                                                                                                                                                                                 Best trial: 0. Best value: 4.64114:  10%|██████████████████████████████████▏                                [I 2025-08-12 02:37:22,112] Trial 2 finished with value: 4.745353008729981 and parameters: {'n_layers': 3, 'layer_0_size': 256, 'layer_1_size': 32, 'layer_2_size': 256, 'learning_rate': 6.516990611177177e-05, 'batch_size': 64, 'dropout': 0.07046211248738132, 'l2_reg': 0.0016172900811143157, 'max_epochs': 61, 'patience': 30}. Best is trial 0 with value: 4.641135957210454.
[I 2025-08-12 02:41:36,267] Trial 3 finished with value: 5.448346504132935 and parameters: {'n_layers': 4, 'layer_0_size': 64, 'layer_1_size': 256, 'layer_2_size': 16, 'layer_3_size': 64, 'learning_rate': 0.0013795402040204172, 'batch_size': 256, 'dropout': 0.26136641469099703, 'l2_reg': 5.1305517605898387e-05, 'max_epochs': 53, 'patience': 12}. Best is trial 0 with value: 4.641135957210454.
[I 2025-08-12 03:18:48,171] Trial 4 finished with value: 4.497753080095967 and parameters: {'n_layers': 1, 'layer_0_size': 128, 'learning_rate': 0.0001702741688676439, 'batch_size': 64, 'dropout': 0.08061064362700221, 'l2_reg': 0.005233480488540089, 'max_epochs': 172, 'patience': 23}. Best is trial 4 with value: 4.497753080095967.
[I 2025-08-12 03:26:30,474] Trial 5 finished with value: 4.94405563524634 and parameters: {'n_layers': 4, 'layer_0_size': 64, 'layer_1_size': 16, 'layer_2_size': 32, 'layer_3_size': 128, 'learning_rate': 0.0003600575029200903, 'batch_size': 256, 'dropout': 0.12589114791268208, 'l2_reg': 9.749762207436125e-05, 'max_epochs': 95, 'patience': 15}. Best is trial 4 with value: 4.497753080095967.
[I 2025-08-12 03:31:36,889] Trial 6 finished with value: 19.237403554464823 and parameters: {'n_layers': 1, 'layer_0_size': 256, 'learning_rate': 5.232216089948759e-05, 'batch_size': 256, 'dropout': 0.3360677737029393, 'l2_reg': 0.0011129571947046015, 'max_epochs': 85, 'patience': 25}. Best is trial 4 with value: 4.497753080095967.
[I 2025-08-12 03:45:18,009] Trial 7 finished with value: 7.357286946696625 and parameters: {'n_layers': 2, 'layer_0_size': 256, 'layer_1_size': 256, 'learning_rate': 1.1214075785991125e-05, 'batch_size': 256, 'dropout': 0.345468869051233, 'l2_reg': 3.523233163198316e-05, 'max_epochs': 191, 'patience': 12}. Best is trial 4 with value: 4.497753080095967.
[I 2025-08-12 04:02:04,776] Trial 8 finished with value: 4.7091181161782005 and parameters: {'n_layers': 2, 'layer_0_size': 32, 'layer_1_size': 16, 'learning_rate': 0.004916400722913764, 'batch_size': 64, 'dropout': 0.3629778394351197, 'l2_reg': 0.0038765111709116325, 'max_epochs': 183, 'patience': 26}. Best is trial 4 with value: 4.497753080095967.
[I 2025-08-12 04:11:21,642] Trial 9 finished with value: 6.977698799621146 and parameters: {'n_layers': 3, 'layer_0_size': 64, 'layer_1_size': 32, 'layer_2_size': 128, 'learning_rate': 9.466710461838316e-05, 'batch_size': 256, 'dropout': 0.2841543016677358, 'l2_reg': 2.3697311169867343e-06, 'max_epochs': 105, 'patience': 15}. Best is trial 4 with value: 4.497753080095967.
[I 2025-08-12 04:16:18,413] Trial 10 finished with value: 4.602988802264883 and parameters: {'n_layers': 1, 'layer_0_size': 128, 'learning_rate': 0.00035818838057926613, 'batch_size': 512, 'dropout': 0.007737373481972759, 'l2_reg': 0.0004696067848233793, 'max_epochs': 148, 'patience': 21}. Best is trial 4 with value: 4.497753080095967.
[I 2025-08-12 04:21:15,514] Trial 11 finished with value: 4.513277845469615 and parameters: {'n_layers': 1, 'layer_0_size': 128, 'learning_rate': 0.0005210134436871746, 'batch_size': 512, 'dropout': 0.012433451486644903, 'l2_reg': 0.009502506228101722, 'max_epochs': 151, 'patience': 21}. Best is trial 4 with value: 4.497753080095967.
[I 2025-08-12 04:25:04,204] Trial 12 finished with value: 4.819122794186254 and parameters: {'n_layers': 1, 'layer_0_size': 128, 'learning_rate': 0.0010595024658273777, 'batch_size': 512, 'dropout': 0.4559583616089687, 'l2_reg': 0.00988649319758112, 'max_epochs': 156, 'patience': 21}. Best is trial 4 with value: 4.497753080095967.
[I 2025-08-12 04:30:01,345] Trial 13 finished with value: 4.403607090173405 and parameters: {'n_layers': 1, 'layer_0_size': 128, 'learning_rate': 0.0011415423749543574, 'batch_size': 512, 'dropout': 0.022156056766750462, 'l2_reg': 0.009288689878570339, 'max_epochs': 153, 'patience': 24}. Best is trial 13 with value: 4.403607090173405.
[I 2025-08-12 04:42:19,951] Trial 14 finished with value: 4.46273424886619 and parameters: {'n_layers': 1, 'layer_0_size': 128, 'learning_rate': 0.002477334251556412, 'batch_size': 128, 'dropout': 0.16545642090340737, 'l2_reg': 0.00045430014770546823, 'max_epochs': 135, 'patience': 25}. Best is trial 13 with value: 4.403607090173405.
[I 2025-08-12 04:56:31,683] Trial 15 finished with value: 4.469250335066432 and parameters: {'n_layers': 2, 'layer_0_size': 128, 'layer_1_size': 64, 'learning_rate': 0.002758510387198757, 'batch_size': 128, 'dropout': 0.19247455091722712, 'l2_reg': 1.2370108763463624e-05, 'max_epochs': 132, 'patience': 29}. Best is trial 13 with value: 4.403607090173405.
[I 2025-08-12 05:10:24,918] Trial 16 finished with value: 4.926605338321597 and parameters: {'n_layers': 1, 'layer_0_size': 16, 'learning_rate': 0.0021347439815627835, 'batch_size': 128, 'dropout': 0.19740453370308925, 'l2_reg': 0.0006664310287751148, 'max_epochs': 129, 'patience': 27}. Best is trial 13 with value: 4.403607090173405.
[I 2025-08-12 05:32:00,671] Trial 17 finished with value: 4.425763334087139 and parameters: {'n_layers': 2, 'layer_0_size': 32, 'layer_1_size': 128, 'learning_rate': 0.0008052587112537316, 'batch_size': 128, 'dropout': 0.08971877402158351, 'l2_reg': 0.00025035909770104384, 'max_epochs': 167, 'patience': 18}. Best is trial 13 with value: 4.403607090173405.
[I 2025-08-12 05:37:49,883] Trial 18 finished with value: 4.647856495251087 and parameters: {'n_layers': 2, 'layer_0_size': 32, 'layer_1_size': 128, 'learning_rate': 0.0007625344687909921, 'batch_size': 512, 'dropout': 0.07087029998766121, 'l2_reg': 7.5285627302814575e-06, 'max_epochs': 170, 'patience': 18}. Best is trial 13 with value: 4.403607090173405.
[I 2025-08-12 06:00:46,182] Trial 19 finished with value: 4.603335113831351 and parameters: {'n_layers': 2, 'layer_0_size': 32, 'layer_1_size': 128, 'learning_rate': 0.00019030443678432152, 'batch_size': 128, 'dropout': 0.11418310521102881, 'l2_reg': 0.0002501181112418235, 'max_epochs': 166, 'patience': 18}. Best is trial 13 with value: 4.403607090173405.
Best trial: 13. Best value: 4.40361: 100%|█████████████████████████████████████████████████████████████████████████████████████████████████████████████████████████████████████████████████████████████████████████████████████████████████████████████████████████████████████████████████████████████████████████████████████████████████████████████████████████████████████████████████████| 20/20 [4:18:12<00:00, 774.61s/it]

🏆 BEST HYPERPARAMETERS FOUND:
   📉 Best MAE: 4.404 bpm
   🏗️  Architecture: [128]
   📚 Learning rate: 1.14e-03
   📦 Batch size: 512
   🛡️  Dropout: 0.022
   ⚖️  L2 regularization: 9.29e-03
   ⏱️  Max epochs: 153
   ⏳ Patience: 24
📊 Progress: Current best vs RF: 4.404 vs 1.17 bpm
2025-08-12 06:00:46,186 - __main__ - INFO - Hyperparameter tuning completed. Best MAE: 4.404 bpm
Training MLP model with 72727 samples, 21 features...
MLP Model Architecture:
Model: "sequential"
┏━━━━━━━━━━━━━━━━━━━━━━━━━━━━━━━━━━━━━━┳━━━━━━━━━━━━━━━━━━━━━━━━━━━━━┳━━━━━━━━━━━━━━━━━┓
┃ Layer (type)                         ┃ Output Shape                ┃         Param # ┃
┡━━━━━━━━━━━━━━━━━━━━━━━━━━━━━━━━━━━━━━╇━━━━━━━━━━━━━━━━━━━━━━━━━━━━━╇━━━━━━━━━━━━━━━━━┩
│ dense (Dense)                        │ (None, 128)                 │           2,816 │
├──────────────────────────────────────┼─────────────────────────────┼─────────────────┤
│ dropout (Dropout)                    │ (None, 128)                 │               0 │
├──────────────────────────────────────┼─────────────────────────────┼─────────────────┤
│ dense_1 (Dense)                      │ (None, 1)                   │             129 │
└──────────────────────────────────────┴─────────────────────────────┴─────────────────┘
 Total params: 2,945 (11.50 KB)
 Trainable params: 2,945 (11.50 KB)
 Non-trainable params: 0 (0.00 B)
Epoch 1/153
114/114 ━━━━━━━━━━━━━━━━━━━━ 3s 15ms/step - loss: 16827.4258 - mae: 129.0042 - val_loss: 14558.7529 - val_mae: 119.6214 - learning_rate: 0.0011
Epoch 2/153
114/114 ━━━━━━━━━━━━━━━━━━━━ 0s 3ms/step - loss: 10745.8145 - mae: 100.2664 - val_loss: 6954.6377 - val_mae: 76.1759 - learning_rate: 0.0011
Epoch 3/153
114/114 ━━━━━━━━━━━━━━━━━━━━ 0s 3ms/step - loss: 5337.7817 - mae: 64.5177 - val_loss: 4421.2646 - val_mae: 56.1316 - learning_rate: 0.0011
Epoch 4/153
114/114 ━━━━━━━━━━━━━━━━━━━━ 0s 3ms/step - loss: 3598.5471 - mae: 50.2140 - val_loss: 3227.8550 - val_mae: 46.8840 - learning_rate: 0.0011
Epoch 5/153
114/114 ━━━━━━━━━━━━━━━━━━━━ 0s 3ms/step - loss: 2591.9768 - mae: 41.1542 - val_loss: 2272.0688 - val_mae: 38.1738 - learning_rate: 0.0011
Epoch 6/153
114/114 ━━━━━━━━━━━━━━━━━━━━ 0s 3ms/step - loss: 1884.6816 - mae: 34.5293 - val_loss: 1557.3818 - val_mae: 31.0176 - learning_rate: 0.0011
Epoch 7/153
114/114 ━━━━━━━━━━━━━━━━━━━━ 0s 3ms/step - loss: 1350.1605 - mae: 28.8857 - val_loss: 1103.2209 - val_mae: 25.6208 - learning_rate: 0.0011
Epoch 8/153
114/114 ━━━━━━━━━━━━━━━━━━━━ 0s 3ms/step - loss: 1014.6931 - mae: 24.8078 - val_loss: 851.9940 - val_mae: 22.3826 - learning_rate: 0.0011
Epoch 9/153
114/114 ━━━━━━━━━━━━━━━━━━━━ 0s 3ms/step - loss: 800.6669 - mae: 21.9412 - val_loss: 682.9228 - val_mae: 19.9828 - learning_rate: 0.0011
Epoch 10/153
114/114 ━━━━━━━━━━━━━━━━━━━━ 0s 3ms/step - loss: 641.0628 - mae: 19.5548 - val_loss: 549.7574 - val_mae: 17.8146 - learning_rate: 0.0011
Epoch 11/153
114/114 ━━━━━━━━━━━━━━━━━━━━ 0s 3ms/step - loss: 513.9236 - mae: 17.4318 - val_loss: 442.4568 - val_mae: 15.8563 - learning_rate: 0.0011
Epoch 12/153
114/114 ━━━━━━━━━━━━━━━━━━━━ 0s 3ms/step - loss: 416.0895 - mae: 15.5899 - val_loss: 361.7386 - val_mae: 14.2125 - learning_rate: 0.0011
Epoch 13/153
114/114 ━━━━━━━━━━━━━━━━━━━━ 0s 3ms/step - loss: 341.8255 - mae: 14.0840 - val_loss: 299.8686 - val_mae: 12.8240 - learning_rate: 0.0011
Epoch 14/153
114/114 ━━━━━━━━━━━━━━━━━━━━ 0s 3ms/step - loss: 285.5972 - mae: 12.7779 - val_loss: 250.0982 - val_mae: 11.6190 - learning_rate: 0.0011
Epoch 15/153
114/114 ━━━━━━━━━━━━━━━━━━━━ 0s 3ms/step - loss: 242.7508 - mae: 11.7171 - val_loss: 210.3844 - val_mae: 10.5976 - learning_rate: 0.0011
Epoch 16/153
114/114 ━━━━━━━━━━━━━━━━━━━━ 0s 3ms/step - loss: 208.8574 - mae: 10.8227 - val_loss: 179.6863 - val_mae: 9.7253 - learning_rate: 0.0011
Epoch 17/153
114/114 ━━━━━━━━━━━━━━━━━━━━ 0s 3ms/step - loss: 182.0714 - mae: 10.0914 - val_loss: 154.8610 - val_mae: 9.0013 - learning_rate: 0.0011
Epoch 18/153
114/114 ━━━━━━━━━━━━━━━━━━━━ 0s 3ms/step - loss: 159.0416 - mae: 9.4089 - val_loss: 135.6751 - val_mae: 8.4040 - learning_rate: 0.0011
Epoch 19/153
114/114 ━━━━━━━━━━━━━━━━━━━━ 0s 3ms/step - loss: 142.0961 - mae: 8.8746 - val_loss: 119.9070 - val_mae: 7.9003 - learning_rate: 0.0011
Epoch 20/153
114/114 ━━━━━━━━━━━━━━━━━━━━ 0s 3ms/step - loss: 129.5069 - mae: 8.4660 - val_loss: 107.6981 - val_mae: 7.5195 - learning_rate: 0.0011
Epoch 21/153
114/114 ━━━━━━━━━━━━━━━━━━━━ 0s 3ms/step - loss: 117.6333 - mae: 8.0683 - val_loss: 98.1958 - val_mae: 7.1704 - learning_rate: 0.0011
Epoch 22/153
114/114 ━━━━━━━━━━━━━━━━━━━━ 0s 3ms/step - loss: 108.5621 - mae: 7.7471 - val_loss: 90.6670 - val_mae: 6.8995 - learning_rate: 0.0011
Epoch 23/153
114/114 ━━━━━━━━━━━━━━━━━━━━ 0s 3ms/step - loss: 100.4749 - mae: 7.4666 - val_loss: 84.5740 - val_mae: 6.6785 - learning_rate: 0.0011
Epoch 24/153
114/114 ━━━━━━━━━━━━━━━━━━━━ 0s 3ms/step - loss: 95.0729 - mae: 7.2529 - val_loss: 80.1368 - val_mae: 6.4996 - learning_rate: 0.0011
Epoch 25/153
114/114 ━━━━━━━━━━━━━━━━━━━━ 0s 3ms/step - loss: 90.1773 - mae: 7.0595 - val_loss: 76.1726 - val_mae: 6.3182 - learning_rate: 0.0011
Epoch 26/153
114/114 ━━━━━━━━━━━━━━━━━━━━ 0s 3ms/step - loss: 85.7438 - mae: 6.8890 - val_loss: 72.3341 - val_mae: 6.1547 - learning_rate: 0.0011
Epoch 27/153
114/114 ━━━━━━━━━━━━━━━━━━━━ 0s 3ms/step - loss: 81.5594 - mae: 6.7439 - val_loss: 69.5462 - val_mae: 5.9992 - learning_rate: 0.0011
Epoch 28/153
114/114 ━━━━━━━━━━━━━━━━━━━━ 0s 3ms/step - loss: 77.9872 - mae: 6.5879 - val_loss: 67.0964 - val_mae: 5.9036 - learning_rate: 0.0011
Epoch 29/153
114/114 ━━━━━━━━━━━━━━━━━━━━ 0s 3ms/step - loss: 75.0722 - mae: 6.4683 - val_loss: 65.5689 - val_mae: 5.8957 - learning_rate: 0.0011
Epoch 30/153
114/114 ━━━━━━━━━━━━━━━━━━━━ 0s 3ms/step - loss: 72.3522 - mae: 6.3468 - val_loss: 63.7150 - val_mae: 5.7980 - learning_rate: 0.0011
Epoch 31/153
114/114 ━━━━━━━━━━━━━━━━━━━━ 0s 3ms/step - loss: 70.0747 - mae: 6.2475 - val_loss: 62.2895 - val_mae: 5.7184 - learning_rate: 0.0011
Epoch 32/153
114/114 ━━━━━━━━━━━━━━━━━━━━ 0s 3ms/step - loss: 68.0101 - mae: 6.1592 - val_loss: 60.8581 - val_mae: 5.6311 - learning_rate: 0.0011
Epoch 33/153
114/114 ━━━━━━━━━━━━━━━━━━━━ 0s 3ms/step - loss: 66.0467 - mae: 6.0762 - val_loss: 59.7990 - val_mae: 5.5989 - learning_rate: 0.0011
Epoch 34/153
114/114 ━━━━━━━━━━━━━━━━━━━━ 0s 3ms/step - loss: 65.0870 - mae: 6.0231 - val_loss: 58.1542 - val_mae: 5.5008 - learning_rate: 0.0011
Epoch 35/153
114/114 ━━━━━━━━━━━━━━━━━━━━ 0s 4ms/step - loss: 63.0603 - mae: 5.9341 - val_loss: 57.3664 - val_mae: 5.4810 - learning_rate: 0.0011
Epoch 36/153
114/114 ━━━━━━━━━━━━━━━━━━━━ 0s 3ms/step - loss: 62.0776 - mae: 5.8991 - val_loss: 56.5828 - val_mae: 5.4290 - learning_rate: 0.0011
Epoch 37/153
114/114 ━━━━━━━━━━━━━━━━━━━━ 0s 3ms/step - loss: 60.1864 - mae: 5.8159 - val_loss: 56.0173 - val_mae: 5.4319 - learning_rate: 0.0011
Epoch 38/153
114/114 ━━━━━━━━━━━━━━━━━━━━ 0s 3ms/step - loss: 59.3845 - mae: 5.7620 - val_loss: 55.7792 - val_mae: 5.4396 - learning_rate: 0.0011
Epoch 39/153
114/114 ━━━━━━━━━━━━━━━━━━━━ 0s 3ms/step - loss: 58.1601 - mae: 5.7132 - val_loss: 54.0906 - val_mae: 5.3246 - learning_rate: 0.0011
Epoch 40/153
114/114 ━━━━━━━━━━━━━━━━━━━━ 0s 3ms/step - loss: 57.3580 - mae: 5.6704 - val_loss: 54.2627 - val_mae: 5.3560 - learning_rate: 0.0011
Epoch 41/153
114/114 ━━━━━━━━━━━━━━━━━━━━ 0s 3ms/step - loss: 56.6986 - mae: 5.6359 - val_loss: 53.3143 - val_mae: 5.3082 - learning_rate: 0.0011
Epoch 42/153
114/114 ━━━━━━━━━━━━━━━━━━━━ 0s 3ms/step - loss: 55.5723 - mae: 5.5725 - val_loss: 53.5578 - val_mae: 5.3392 - learning_rate: 0.0011
Epoch 43/153
114/114 ━━━━━━━━━━━━━━━━━━━━ 0s 3ms/step - loss: 54.6446 - mae: 5.5415 - val_loss: 52.5548 - val_mae: 5.2865 - learning_rate: 0.0011
Epoch 44/153
114/114 ━━━━━━━━━━━━━━━━━━━━ 0s 3ms/step - loss: 53.7888 - mae: 5.4824 - val_loss: 52.5366 - val_mae: 5.2991 - learning_rate: 0.0011
Epoch 45/153
114/114 ━━━━━━━━━━━━━━━━━━━━ 0s 4ms/step - loss: 53.2650 - mae: 5.4735 - val_loss: 51.8035 - val_mae: 5.2705 - learning_rate: 0.0011
Epoch 46/153
114/114 ━━━━━━━━━━━━━━━━━━━━ 0s 4ms/step - loss: 52.5521 - mae: 5.4462 - val_loss: 52.0145 - val_mae: 5.2836 - learning_rate: 0.0011
Epoch 47/153
114/114 ━━━━━━━━━━━━━━━━━━━━ 0s 3ms/step - loss: 51.6518 - mae: 5.3894 - val_loss: 51.4379 - val_mae: 5.2592 - learning_rate: 0.0011
Epoch 48/153
114/114 ━━━━━━━━━━━━━━━━━━━━ 0s 3ms/step - loss: 50.9750 - mae: 5.3578 - val_loss: 50.4349 - val_mae: 5.2067 - learning_rate: 0.0011
Epoch 49/153
114/114 ━━━━━━━━━━━━━━━━━━━━ 0s 3ms/step - loss: 50.8071 - mae: 5.3519 - val_loss: 50.2060 - val_mae: 5.2045 - learning_rate: 0.0011
Epoch 50/153
114/114 ━━━━━━━━━━━━━━━━━━━━ 0s 3ms/step - loss: 50.4400 - mae: 5.3297 - val_loss: 49.6539 - val_mae: 5.1924 - learning_rate: 0.0011
Epoch 51/153
114/114 ━━━━━━━━━━━━━━━━━━━━ 0s 3ms/step - loss: 49.6325 - mae: 5.2947 - val_loss: 49.7447 - val_mae: 5.1868 - learning_rate: 0.0011
Epoch 52/153
114/114 ━━━━━━━━━━━━━━━━━━━━ 0s 3ms/step - loss: 49.2204 - mae: 5.2619 - val_loss: 49.6178 - val_mae: 5.2032 - learning_rate: 0.0011
Epoch 53/153
114/114 ━━━━━━━━━━━━━━━━━━━━ 0s 4ms/step - loss: 48.7287 - mae: 5.2463 - val_loss: 48.9747 - val_mae: 5.1601 - learning_rate: 0.0011
Epoch 54/153
114/114 ━━━━━━━━━━━━━━━━━━━━ 0s 3ms/step - loss: 48.5404 - mae: 5.2338 - val_loss: 48.7313 - val_mae: 5.1384 - learning_rate: 0.0011
Epoch 55/153
114/114 ━━━━━━━━━━━━━━━━━━━━ 0s 3ms/step - loss: 47.7282 - mae: 5.2014 - val_loss: 48.2634 - val_mae: 5.1415 - learning_rate: 0.0011
Epoch 56/153
114/114 ━━━━━━━━━━━━━━━━━━━━ 0s 3ms/step - loss: 47.5205 - mae: 5.1823 - val_loss: 48.0081 - val_mae: 5.1265 - learning_rate: 0.0011
Epoch 57/153
114/114 ━━━━━━━━━━━━━━━━━━━━ 0s 3ms/step - loss: 47.1354 - mae: 5.1747 - val_loss: 47.8594 - val_mae: 5.1262 - learning_rate: 0.0011
Epoch 58/153
114/114 ━━━━━━━━━━━━━━━━━━━━ 0s 3ms/step - loss: 46.8102 - mae: 5.1464 - val_loss: 47.7994 - val_mae: 5.1430 - learning_rate: 0.0011
Epoch 59/153
114/114 ━━━━━━━━━━━━━━━━━━━━ 0s 3ms/step - loss: 46.4678 - mae: 5.1195 - val_loss: 47.3422 - val_mae: 5.1127 - learning_rate: 0.0011
Epoch 60/153
114/114 ━━━━━━━━━━━━━━━━━━━━ 0s 3ms/step - loss: 46.1565 - mae: 5.1225 - val_loss: 47.9379 - val_mae: 5.1635 - learning_rate: 0.0011
Epoch 61/153
114/114 ━━━━━━━━━━━━━━━━━━━━ 0s 3ms/step - loss: 45.8393 - mae: 5.0946 - val_loss: 46.9346 - val_mae: 5.0932 - learning_rate: 0.0011
Epoch 62/153
114/114 ━━━━━━━━━━━━━━━━━━━━ 0s 4ms/step - loss: 45.6019 - mae: 5.0832 - val_loss: 47.1321 - val_mae: 5.0983 - learning_rate: 0.0011
Epoch 63/153
114/114 ━━━━━━━━━━━━━━━━━━━━ 0s 3ms/step - loss: 45.2692 - mae: 5.0676 - val_loss: 46.8050 - val_mae: 5.0964 - learning_rate: 0.0011
Epoch 64/153
114/114 ━━━━━━━━━━━━━━━━━━━━ 0s 3ms/step - loss: 44.7910 - mae: 5.0411 - val_loss: 46.5519 - val_mae: 5.0829 - learning_rate: 0.0011
Epoch 65/153
114/114 ━━━━━━━━━━━━━━━━━━━━ 0s 3ms/step - loss: 44.7366 - mae: 5.0387 - val_loss: 46.5134 - val_mae: 5.0874 - learning_rate: 0.0011
Epoch 66/153
114/114 ━━━━━━━━━━━━━━━━━━━━ 0s 4ms/step - loss: 44.3430 - mae: 5.0226 - val_loss: 46.3187 - val_mae: 5.0697 - learning_rate: 0.0011
Epoch 67/153
114/114 ━━━━━━━━━━━━━━━━━━━━ 0s 3ms/step - loss: 44.5438 - mae: 5.0267 - val_loss: 46.0512 - val_mae: 5.0658 - learning_rate: 0.0011
Epoch 68/153
114/114 ━━━━━━━━━━━━━━━━━━━━ 0s 3ms/step - loss: 43.9666 - mae: 4.9941 - val_loss: 46.1755 - val_mae: 5.0699 - learning_rate: 0.0011
Epoch 69/153
114/114 ━━━━━━━━━━━━━━━━━━━━ 0s 3ms/step - loss: 43.9280 - mae: 4.9962 - val_loss: 46.2848 - val_mae: 5.0965 - learning_rate: 0.0011
Epoch 70/153
114/114 ━━━━━━━━━━━━━━━━━━━━ 0s 3ms/step - loss: 43.8292 - mae: 4.9797 - val_loss: 46.0403 - val_mae: 5.0896 - learning_rate: 0.0011
Epoch 71/153
114/114 ━━━━━━━━━━━━━━━━━━━━ 0s 3ms/step - loss: 43.2707 - mae: 4.9586 - val_loss: 45.4998 - val_mae: 5.0404 - learning_rate: 0.0011
Epoch 72/153
114/114 ━━━━━━━━━━━━━━━━━━━━ 0s 3ms/step - loss: 43.5341 - mae: 4.9752 - val_loss: 45.5444 - val_mae: 5.0482 - learning_rate: 0.0011
Epoch 73/153
114/114 ━━━━━━━━━━━━━━━━━━━━ 0s 3ms/step - loss: 42.9530 - mae: 4.9489 - val_loss: 45.2472 - val_mae: 5.0262 - learning_rate: 0.0011
Epoch 74/153
114/114 ━━━━━━━━━━━━━━━━━━━━ 0s 3ms/step - loss: 43.1572 - mae: 4.9549 - val_loss: 45.4567 - val_mae: 5.0553 - learning_rate: 0.0011
Epoch 75/153
114/114 ━━━━━━━━━━━━━━━━━━━━ 0s 3ms/step - loss: 42.8220 - mae: 4.9339 - val_loss: 45.1636 - val_mae: 5.0187 - learning_rate: 0.0011
Epoch 76/153
114/114 ━━━━━━━━━━━━━━━━━━━━ 0s 3ms/step - loss: 42.7539 - mae: 4.9396 - val_loss: 45.1916 - val_mae: 5.0385 - learning_rate: 0.0011
Epoch 77/153
114/114 ━━━━━━━━━━━━━━━━━━━━ 0s 3ms/step - loss: 42.5268 - mae: 4.9235 - val_loss: 44.7077 - val_mae: 5.0131 - learning_rate: 0.0011
Epoch 78/153
114/114 ━━━━━━━━━━━━━━━━━━━━ 0s 3ms/step - loss: 42.1646 - mae: 4.9008 - val_loss: 44.4334 - val_mae: 4.9883 - learning_rate: 0.0011
Epoch 79/153
114/114 ━━━━━━━━━━━━━━━━━━━━ 0s 3ms/step - loss: 42.4721 - mae: 4.9236 - val_loss: 44.2091 - val_mae: 4.9814 - learning_rate: 0.0011
Epoch 80/153
114/114 ━━━━━━━━━━━━━━━━━━━━ 0s 3ms/step - loss: 41.9868 - mae: 4.8884 - val_loss: 44.6226 - val_mae: 5.0157 - learning_rate: 0.0011
Epoch 81/153
114/114 ━━━━━━━━━━━━━━━━━━━━ 0s 3ms/step - loss: 42.0013 - mae: 4.8904 - val_loss: 44.5674 - val_mae: 5.0092 - learning_rate: 0.0011
Epoch 82/153
114/114 ━━━━━━━━━━━━━━━━━━━━ 0s 3ms/step - loss: 41.9792 - mae: 4.8925 - val_loss: 44.1001 - val_mae: 4.9717 - learning_rate: 0.0011
Epoch 83/153
114/114 ━━━━━━━━━━━━━━━━━━━━ 0s 3ms/step - loss: 41.9000 - mae: 4.8914 - val_loss: 44.0881 - val_mae: 4.9814 - learning_rate: 0.0011
Epoch 84/153
114/114 ━━━━━━━━━━━━━━━━━━━━ 0s 3ms/step - loss: 41.5747 - mae: 4.8693 - val_loss: 43.9050 - val_mae: 4.9771 - learning_rate: 0.0011
Epoch 85/153
114/114 ━━━━━━━━━━━━━━━━━━━━ 0s 3ms/step - loss: 41.5938 - mae: 4.8768 - val_loss: 44.1188 - val_mae: 4.9913 - learning_rate: 0.0011
Epoch 86/153
114/114 ━━━━━━━━━━━━━━━━━━━━ 0s 3ms/step - loss: 41.3702 - mae: 4.8545 - val_loss: 43.8692 - val_mae: 4.9703 - learning_rate: 0.0011
Epoch 87/153
114/114 ━━━━━━━━━━━━━━━━━━━━ 0s 3ms/step - loss: 41.3501 - mae: 4.8581 - val_loss: 43.8527 - val_mae: 4.9856 - learning_rate: 0.0011
Epoch 88/153
114/114 ━━━━━━━━━━━━━━━━━━━━ 0s 3ms/step - loss: 41.3582 - mae: 4.8677 - val_loss: 43.5671 - val_mae: 4.9571 - learning_rate: 0.0011
Epoch 89/153
114/114 ━━━━━━━━━━━━━━━━━━━━ 0s 4ms/step - loss: 41.1233 - mae: 4.8485 - val_loss: 43.6665 - val_mae: 4.9647 - learning_rate: 0.0011
Epoch 90/153
114/114 ━━━━━━━━━━━━━━━━━━━━ 0s 3ms/step - loss: 41.0553 - mae: 4.8505 - val_loss: 43.4270 - val_mae: 4.9700 - learning_rate: 0.0011
Epoch 91/153
114/114 ━━━━━━━━━━━━━━━━━━━━ 0s 3ms/step - loss: 40.9067 - mae: 4.8368 - val_loss: 43.3769 - val_mae: 4.9557 - learning_rate: 0.0011
Epoch 92/153
114/114 ━━━━━━━━━━━━━━━━━━━━ 0s 3ms/step - loss: 40.9636 - mae: 4.8385 - val_loss: 43.5065 - val_mae: 4.9729 - learning_rate: 0.0011
Epoch 93/153
114/114 ━━━━━━━━━━━━━━━━━━━━ 0s 3ms/step - loss: 41.0052 - mae: 4.8376 - val_loss: 43.5187 - val_mae: 4.9755 - learning_rate: 0.0011
Epoch 94/153
114/114 ━━━━━━━━━━━━━━━━━━━━ 0s 3ms/step - loss: 40.8871 - mae: 4.8392 - val_loss: 43.0397 - val_mae: 4.9474 - learning_rate: 0.0011
Epoch 95/153
114/114 ━━━━━━━━━━━━━━━━━━━━ 0s 3ms/step - loss: 40.8553 - mae: 4.8338 - val_loss: 43.1635 - val_mae: 4.9564 - learning_rate: 0.0011
Epoch 96/153
114/114 ━━━━━━━━━━━━━━━━━━━━ 0s 3ms/step - loss: 40.6676 - mae: 4.8235 - val_loss: 43.5277 - val_mae: 4.9799 - learning_rate: 0.0011
Epoch 97/153
114/114 ━━━━━━━━━━━━━━━━━━━━ 0s 3ms/step - loss: 40.5141 - mae: 4.8169 - val_loss: 43.2920 - val_mae: 4.9732 - learning_rate: 0.0011
Epoch 98/153
114/114 ━━━━━━━━━━━━━━━━━━━━ 0s 3ms/step - loss: 40.2211 - mae: 4.7975 - val_loss: 43.4738 - val_mae: 4.9839 - learning_rate: 0.0011
Epoch 99/153
114/114 ━━━━━━━━━━━━━━━━━━━━ 0s 3ms/step - loss: 40.4047 - mae: 4.8074 - val_loss: 42.6064 - val_mae: 4.9122 - learning_rate: 0.0011
Epoch 100/153
114/114 ━━━━━━━━━━━━━━━━━━━━ 0s 3ms/step - loss: 40.3704 - mae: 4.8033 - val_loss: 42.6769 - val_mae: 4.9237 - learning_rate: 0.0011
Epoch 101/153
114/114 ━━━━━━━━━━━━━━━━━━━━ 0s 3ms/step - loss: 40.3616 - mae: 4.8175 - val_loss: 43.1328 - val_mae: 4.9580 - learning_rate: 0.0011
Epoch 102/153
114/114 ━━━━━━━━━━━━━━━━━━━━ 0s 3ms/step - loss: 40.3337 - mae: 4.7915 - val_loss: 43.0294 - val_mae: 4.9566 - learning_rate: 0.0011
Epoch 103/153
114/114 ━━━━━━━━━━━━━━━━━━━━ 0s 3ms/step - loss: 40.0651 - mae: 4.7926 - val_loss: 42.8146 - val_mae: 4.9387 - learning_rate: 0.0011
Epoch 104/153
114/114 ━━━━━━━━━━━━━━━━━━━━ 0s 3ms/step - loss: 40.1927 - mae: 4.7922 - val_loss: 43.0204 - val_mae: 4.9510 - learning_rate: 0.0011
Epoch 105/153
114/114 ━━━━━━━━━━━━━━━━━━━━ 0s 3ms/step - loss: 40.0636 - mae: 4.7823 - val_loss: 42.3659 - val_mae: 4.9017 - learning_rate: 0.0011
Epoch 106/153
114/114 ━━━━━━━━━━━━━━━━━━━━ 0s 3ms/step - loss: 39.9838 - mae: 4.7832 - val_loss: 42.5544 - val_mae: 4.9230 - learning_rate: 0.0011
Epoch 107/153
114/114 ━━━━━━━━━━━━━━━━━━━━ 0s 3ms/step - loss: 40.0747 - mae: 4.7864 - val_loss: 42.3170 - val_mae: 4.9048 - learning_rate: 0.0011
Epoch 108/153
114/114 ━━━━━━━━━━━━━━━━━━━━ 0s 3ms/step - loss: 40.1090 - mae: 4.7845 - val_loss: 42.8422 - val_mae: 4.9392 - learning_rate: 0.0011
Epoch 109/153
114/114 ━━━━━━━━━━━━━━━━━━━━ 0s 3ms/step - loss: 39.7555 - mae: 4.7778 - val_loss: 42.3813 - val_mae: 4.9137 - learning_rate: 0.0011
Epoch 110/153
114/114 ━━━━━━━━━━━━━━━━━━━━ 0s 3ms/step - loss: 39.8468 - mae: 4.7810 - val_loss: 42.5916 - val_mae: 4.9297 - learning_rate: 0.0011
Epoch 111/153
114/114 ━━━━━━━━━━━━━━━━━━━━ 0s 3ms/step - loss: 39.7948 - mae: 4.7792 - val_loss: 42.4288 - val_mae: 4.9245 - learning_rate: 0.0011
Epoch 112/153
114/114 ━━━━━━━━━━━━━━━━━━━━ 0s 3ms/step - loss: 39.7456 - mae: 4.7730 - val_loss: 42.6264 - val_mae: 4.9386 - learning_rate: 0.0011
Epoch 113/153
114/114 ━━━━━━━━━━━━━━━━━━━━ 0s 3ms/step - loss: 39.6732 - mae: 4.7677 - val_loss: 41.9693 - val_mae: 4.8857 - learning_rate: 0.0011
Epoch 114/153
114/114 ━━━━━━━━━━━━━━━━━━━━ 0s 3ms/step - loss: 40.1436 - mae: 4.7972 - val_loss: 41.6436 - val_mae: 4.8517 - learning_rate: 0.0011
Epoch 115/153
114/114 ━━━━━━━━━━━━━━━━━━━━ 0s 4ms/step - loss: 39.5116 - mae: 4.7533 - val_loss: 42.1104 - val_mae: 4.8894 - learning_rate: 0.0011
Epoch 116/153
114/114 ━━━━━━━━━━━━━━━━━━━━ 0s 3ms/step - loss: 39.5581 - mae: 4.7694 - val_loss: 42.5526 - val_mae: 4.9221 - learning_rate: 0.0011
Epoch 117/153
114/114 ━━━━━━━━━━━━━━━━━━━━ 0s 3ms/step - loss: 39.4086 - mae: 4.7654 - val_loss: 42.2536 - val_mae: 4.9144 - learning_rate: 0.0011
Epoch 118/153
114/114 ━━━━━━━━━━━━━━━━━━━━ 0s 3ms/step - loss: 39.4548 - mae: 4.7599 - val_loss: 41.9711 - val_mae: 4.8766 - learning_rate: 0.0011
Epoch 119/153
114/114 ━━━━━━━━━━━━━━━━━━━━ 0s 3ms/step - loss: 39.4992 - mae: 4.7660 - val_loss: 42.1240 - val_mae: 4.8958 - learning_rate: 0.0011
Epoch 120/153
114/114 ━━━━━━━━━━━━━━━━━━━━ 0s 3ms/step - loss: 39.3603 - mae: 4.7478 - val_loss: 41.9833 - val_mae: 4.8830 - learning_rate: 0.0011
Epoch 121/153
114/114 ━━━━━━━━━━━━━━━━━━━━ 0s 3ms/step - loss: 39.4717 - mae: 4.7498 - val_loss: 42.0769 - val_mae: 4.9007 - learning_rate: 0.0011
Epoch 122/153
114/114 ━━━━━━━━━━━━━━━━━━━━ 0s 3ms/step - loss: 39.3635 - mae: 4.7535 - val_loss: 42.0132 - val_mae: 4.8796 - learning_rate: 0.0011
Epoch 123/153
114/114 ━━━━━━━━━━━━━━━━━━━━ 0s 3ms/step - loss: 39.3169 - mae: 4.7432 - val_loss: 42.0806 - val_mae: 4.8919 - learning_rate: 0.0011
Epoch 124/153
102/114 ━━━━━━━━━━━━━━━━━━━━ 0s 3ms/step - loss: 39.1850 - mae: 4.7404
114/114 ━━━━━━━━━━━━━━━━━━━━ 0s 4ms/step - loss: 39.2075 - mae: 4.7461 - val_loss: 41.8496 - val_mae: 4.8795 - learning_rate: 0.0011
Epoch 125/153
114/114 ━━━━━━━━━━━━━━━━━━━━ 0s 3ms/step - loss: 39.2767 - mae: 4.7394 - val_loss: 42.0374 - val_mae: 4.9000 - learning_rate: 5.7077e-04
Epoch 126/153
114/114 ━━━━━━━━━━━━━━━━━━━━ 0s 3ms/step - loss: 39.1913 - mae: 4.7366 - val_loss: 41.7890 - val_mae: 4.8901 - learning_rate: 5.7077e-04
Epoch 127/153
114/114 ━━━━━━━━━━━━━━━━━━━━ 0s 3ms/step - loss: 39.0795 - mae: 4.7410 - val_loss: 41.8239 - val_mae: 4.8893 - learning_rate: 5.7077e-04
Epoch 128/153
114/114 ━━━━━━━━━━━━━━━━━━━━ 0s 3ms/step - loss: 39.0425 - mae: 4.7310 - val_loss: 41.9010 - val_mae: 4.8959 - learning_rate: 5.7077e-04
Epoch 129/153
114/114 ━━━━━━━━━━━━━━━━━━━━ 0s 3ms/step - loss: 38.8902 - mae: 4.7297 - val_loss: 41.8768 - val_mae: 4.8953 - learning_rate: 5.7077e-04
Epoch 130/153
114/114 ━━━━━━━━━━━━━━━━━━━━ 0s 3ms/step - loss: 38.9926 - mae: 4.7271 - val_loss: 41.9484 - val_mae: 4.8980 - learning_rate: 5.7077e-04
Epoch 131/153
114/114 ━━━━━━━━━━━━━━━━━━━━ 0s 3ms/step - loss: 39.0984 - mae: 4.7321 - val_loss: 41.6547 - val_mae: 4.8764 - learning_rate: 5.7077e-04
Epoch 132/153
114/114 ━━━━━━━━━━━━━━━━━━━━ 0s 3ms/step - loss: 39.0173 - mae: 4.7307 - val_loss: 41.8247 - val_mae: 4.8889 - learning_rate: 5.7077e-04
Epoch 133/153
114/114 ━━━━━━━━━━━━━━━━━━━━ 0s 3ms/step - loss: 38.8340 - mae: 4.7125 - val_loss: 41.7573 - val_mae: 4.8866 - learning_rate: 5.7077e-04
Epoch 134/153
112/114 ━━━━━━━━━━━━━━━━━━━━ 0s 2ms/step - loss: 39.0576 - mae: 4.7308
114/114 ━━━━━━━━━━━━━━━━━━━━ 0s 3ms/step - loss: 39.1098 - mae: 4.7346 - val_loss: 41.9945 - val_mae: 4.9092 - learning_rate: 5.7077e-04
Epoch 135/153
114/114 ━━━━━━━━━━━━━━━━━━━━ 0s 3ms/step - loss: 39.0397 - mae: 4.7265 - val_loss: 42.1232 - val_mae: 4.9227 - learning_rate: 2.8539e-04
Epoch 136/153
114/114 ━━━━━━━━━━━━━━━━━━━━ 0s 3ms/step - loss: 38.7434 - mae: 4.7092 - val_loss: 42.1648 - val_mae: 4.9317 - learning_rate: 2.8539e-04
Epoch 137/153
114/114 ━━━━━━━━━━━━━━━━━━━━ 0s 3ms/step - loss: 38.7839 - mae: 4.7133 - val_loss: 42.1285 - val_mae: 4.9284 - learning_rate: 2.8539e-04
Epoch 138/153
114/114 ━━━━━━━━━━━━━━━━━━━━ 0s 3ms/step - loss: 38.9353 - mae: 4.7250 - val_loss: 42.0448 - val_mae: 4.9199 - learning_rate: 2.8539e-04
Epoch 138: early stopping
Restoring model weights from the end of the best epoch: 114.
MLP training completed!
MLP model saved to output/mlp/mlp_model.joblib
2025-08-12 06:01:40,639 - __main__ - INFO - Evaluating models...
2025-08-12 06:01:40,639 - __main__ - INFO - Evaluating ols...
2025-08-12 06:01:40,656 - __main__ - INFO - ols - MAE: 4.95, RMSE: 6.64, R²: 0.7456
2025-08-12 06:01:40,656 - __main__ - INFO - Evaluating mlp...
2025-08-12 06:01:44,173 - __main__ - INFO - mlp - MAE: 4.40, RMSE: 5.83, R²: 0.8042
2025-08-12 06:01:44,173 - __main__ - INFO - Applying models to individual files...
2025-08-12 06:01:44,173 - __main__ - INFO - Applying OLS model to files...
2025-08-12 06:01:44,182 - __main__ - INFO - Processing hr6 with ols...
2025-08-12 06:01:44,297 - __main__ - INFO - hr6 - MAE: 6.09, RMSE: 7.97
2025-08-12 06:01:44,297 - __main__ - INFO - Processing hr1 with ols...
2025-08-12 06:01:44,526 - __main__ - INFO - hr1 - MAE: 4.68, RMSE: 6.28
2025-08-12 06:01:44,526 - __main__ - INFO - Processing hr2 with ols...
2025-08-12 06:01:44,765 - __main__ - INFO - hr2 - MAE: 4.29, RMSE: 5.28
2025-08-12 06:01:44,765 - __main__ - INFO - Processing hr5 with ols...
2025-08-12 06:01:44,831 - __main__ - INFO - hr5 - MAE: 4.47, RMSE: 6.54
2025-08-12 06:01:44,831 - __main__ - INFO - Processing hr4 with ols...
2025-08-12 06:01:44,909 - __main__ - INFO - hr4 - MAE: 6.78, RMSE: 8.68
2025-08-12 06:01:44,909 - __main__ - INFO - Processing hr3 with ols...
2025-08-12 06:01:44,963 - __main__ - INFO - hr3 - MAE: 6.60, RMSE: 9.32
2025-08-12 06:01:44,963 - __main__ - INFO - Processing hr7 with ols...
2025-08-12 06:01:45,019 - __main__ - INFO - hr7 - MAE: 4.37, RMSE: 6.30
2025-08-12 06:01:45,019 - __main__ - INFO - Applying MLP model to files...
2025-08-12 06:01:45,019 - __main__ - INFO - Processing hr6 with mlp...
2025-08-12 06:01:45,535 - __main__ - INFO - hr6 - MAE: 5.30, RMSE: 6.81
2025-08-12 06:01:45,535 - __main__ - INFO - Processing hr1 with mlp...
2025-08-12 06:01:46,748 - __main__ - INFO - hr1 - MAE: 4.25, RMSE: 5.73
2025-08-12 06:01:46,748 - __main__ - INFO - Processing hr2 with mlp...
2025-08-12 06:01:48,210 - __main__ - INFO - hr2 - MAE: 3.60, RMSE: 4.53
2025-08-12 06:01:48,210 - __main__ - INFO - Processing hr5 with mlp...
2025-08-12 06:01:48,739 - __main__ - INFO - hr5 - MAE: 4.44, RMSE: 5.87
2025-08-12 06:01:48,740 - __main__ - INFO - Processing hr4 with mlp...
2025-08-12 06:01:49,374 - __main__ - INFO - hr4 - MAE: 6.05, RMSE: 7.75
2025-08-12 06:01:49,375 - __main__ - INFO - Processing hr3 with mlp...
2025-08-12 06:01:49,824 - __main__ - INFO - hr3 - MAE: 5.88, RMSE: 7.69
2025-08-12 06:01:49,825 - __main__ - INFO - Processing hr7 with mlp...
2025-08-12 06:01:50,322 - __main__ - INFO - hr7 - MAE: 4.13, RMSE: 5.43
2025-08-12 06:01:50,322 - __main__ - INFO - Creating visualizations in parallel...
2025-08-12 06:01:50,330 - __main__ - INFO - Creating visualizations for ols
2025-08-12 06:01:51,039 - __main__ - INFO - Creating time-series plots for ols...
2025-08-12 06:01:51,040 - __main__ - INFO - Creating plots for hr4...
2025-08-12 06:01:52,167 - __main__ - INFO - Created plots for hr4
2025-08-12 06:01:52,168 - __main__ - INFO - Creating plots for hr6...
2025-08-12 06:01:53,036 - __main__ - INFO - Created plots for hr6
2025-08-12 06:01:53,036 - __main__ - INFO - Creating plots for hr1...
2025-08-12 06:01:55,533 - __main__ - INFO - Created plots for hr1
2025-08-12 06:01:55,533 - __main__ - INFO - Creating plots for hr7...
2025-08-12 06:01:56,413 - __main__ - INFO - Created plots for hr7
2025-08-12 06:01:56,413 - __main__ - INFO - Creating plots for hr5...
2025-08-12 06:01:57,184 - __main__ - INFO - Created plots for hr5
2025-08-12 06:01:57,184 - __main__ - INFO - Creating plots for hr2...
2025-08-12 06:01:59,315 - __main__ - INFO - Created plots for hr2
2025-08-12 06:01:59,316 - __main__ - INFO - Creating plots for hr3...
2025-08-12 06:02:00,077 - __main__ - INFO - Created plots for hr3
2025-08-12 06:02:00,077 - __main__ - INFO - Completed visualizations for ols
2025-08-12 06:02:00,077 - __main__ - INFO - Creating visualizations for mlp
2025-08-12 06:02:00,626 - __main__ - INFO - Creating time-series plots for mlp...
2025-08-12 06:02:00,626 - __main__ - INFO - Creating plots for hr4...
2025-08-12 06:02:02,378 - __main__ - INFO - Created plots for hr4
2025-08-12 06:02:02,379 - __main__ - INFO - Creating plots for hr6...
2025-08-12 06:02:03,196 - __main__ - INFO - Created plots for hr6
2025-08-12 06:02:03,197 - __main__ - INFO - Creating plots for hr1...
2025-08-12 06:02:05,161 - __main__ - INFO - Created plots for hr1
2025-08-12 06:02:05,161 - __main__ - INFO - Creating plots for hr7...
2025-08-12 06:02:06,037 - __main__ - INFO - Created plots for hr7
2025-08-12 06:02:06,037 - __main__ - INFO - Creating plots for hr5...
2025-08-12 06:02:06,844 - __main__ - INFO - Created plots for hr5
2025-08-12 06:02:06,844 - __main__ - INFO - Creating plots for hr2...
2025-08-12 06:02:09,707 - __main__ - INFO - Created plots for hr2
2025-08-12 06:02:09,708 - __main__ - INFO - Creating plots for hr3...
2025-08-12 06:02:10,529 - __main__ - INFO - Created plots for hr3
2025-08-12 06:02:10,529 - __main__ - INFO - Completed visualizations for mlp
2025-08-12 06:02:10,529 - __main__ - INFO - Creating report...
\n============================================================
MODEL COMPARISON RESULTS
============================================================
        mae    rmse    mape      r2  correlation    bias  n_samples
mlp  4.3980  5.8289  3.3149  0.8042       0.8972 -0.3533      72727
ols  4.9512  6.6442  3.7433  0.7456       0.8635 -0.0000      72727
\n============================================================
Best Model: mlp
Best MAE: 4.40 bpm
Best R²: 0.8042
============================================================
2025-08-12 06:02:10,536 - __main__ - INFO - Pipeline completed successfully in 4:19:43.362016